mode: atomic
mpquic/internal/mpquic/crypto/aad.go:40.50,42.20 2 2
mpquic/internal/mpquic/crypto/aad.go:42.20,44.3 1 1
mpquic/internal/mpquic/crypto/aad.go:45.2,47.12 3 2
mpquic/internal/mpquic/crypto/aad.go:57.41,68.2 10 1
mpquic/internal/mpquic/crypto/aad.go:74.50,75.19 1 3
mpquic/internal/mpquic/crypto/aad.go:76.12,77.22 1 1
mpquic/internal/mpquic/crypto/aad.go:78.26,79.22 1 1
mpquic/internal/mpquic/crypto/aad.go:80.10,81.22 1 1
mpquic/internal/mpquic/crypto/aead.go:24.42,24.70 1 0
mpquic/internal/mpquic/crypto/aead.go:27.37,27.61 1 1
mpquic/internal/mpquic/crypto/aead.go:30.37,30.50 1 1
mpquic/internal/mpquic/crypto/aead.go:33.39,33.52 1 1
mpquic/internal/mpquic/crypto/aead.go:37.64,38.20 1 11
mpquic/internal/mpquic/crypto/aead.go:38.20,40.3 1 7
mpquic/internal/mpquic/crypto/aead.go:41.2,42.16 2 4
mpquic/internal/mpquic/crypto/aead.go:42.16,44.3 1 0
mpquic/internal/mpquic/crypto/aead.go:45.2,46.16 2 4
mpquic/internal/mpquic/crypto/aead.go:46.16,48.3 1 0
mpquic/internal/mpquic/crypto/aead.go:49.2,49.18 1 4
mpquic/internal/mpquic/crypto/config.go:29.41,30.14 1 0
mpquic/internal/mpquic/crypto/config.go:30.14,32.3 1 0
mpquic/internal/mpquic/crypto/config.go:33.2,33.21 1 0
mpquic/internal/mpquic/crypto/config.go:33.21,35.3 1 0
mpquic/internal/mpquic/crypto/config.go:36.2,36.19 1 0
mpquic/internal/mpquic/crypto/config.go:37.72,37.72 0 0
mpquic/internal/mpquic/crypto/config.go:39.10,40.60 1 0
mpquic/internal/mpquic/crypto/config.go:43.2,43.40 1 0
mpquic/internal/mpquic/crypto/config.go:43.40,44.61 1 0
mpquic/internal/mpquic/crypto/config.go:44.61,46.4 1 0
mpquic/internal/mpquic/crypto/config.go:49.2,49.67 1 0
mpquic/internal/mpquic/crypto/config.go:49.67,52.3 1 0
mpquic/internal/mpquic/crypto/config.go:54.2,54.37 1 0
mpquic/internal/mpquic/crypto/config.go:54.37,56.3 1 0
mpquic/internal/mpquic/crypto/config.go:58.2,58.105 1 0
mpquic/internal/mpquic/crypto/config.go:58.105,60.3 1 0
mpquic/internal/mpquic/crypto/config.go:62.2,62.23 1 0
mpquic/internal/mpquic/crypto/config.go:62.23,64.3 1 0
mpquic/internal/mpquic/crypto/config.go:65.2,65.44 1 0
mpquic/internal/mpquic/crypto/config.go:65.44,67.3 1 0
mpquic/internal/mpquic/crypto/config.go:69.2,69.12 1 0
mpquic/internal/mpquic/crypto/config.go:72.42,86.2 1 0
mpquic/internal/mpquic/crypto/crypto.go:12.24,13.19 1 38
mpquic/internal/mpquic/crypto/crypto.go:13.19,15.3 1 1744
mpquic/internal/mpquic/crypto/crypto.go:16.2,16.22 1 38
mpquic/internal/mpquic/crypto/crypto.go:38.66,39.16 1 0
mpquic/internal/mpquic/crypto/crypto.go:39.16,41.3 1 0
mpquic/internal/mpquic/crypto/crypto.go:42.2,42.39 1 0
mpquic/internal/mpquic/crypto/crypto.go:42.39,44.3 1 0
mpquic/internal/mpquic/crypto/crypto.go:46.2,47.16 2 0
mpquic/internal/mpquic/crypto/crypto.go:47.16,49.3 1 0
mpquic/internal/mpquic/crypto/crypto.go:52.2,53.31 2 0
mpquic/internal/mpquic/crypto/crypto.go:57.39,58.14 1 0
mpquic/internal/mpquic/crypto/crypto.go:58.14,60.3 1 0
mpquic/internal/mpquic/crypto/crypto.go:61.2,61.25 1 0
mpquic/internal/mpquic/crypto/crypto.go:61.25,63.3 1 0
mpquic/internal/mpquic/crypto/crypto.go:65.2,65.19 1 0
mpquic/internal/mpquic/crypto/crypto.go:65.19,70.3 4 0
mpquic/internal/mpquic/crypto/crypto.go:71.2,71.12 1 0
mpquic/internal/mpquic/crypto/crypto.go:75.50,76.14 1 0
mpquic/internal/mpquic/crypto/crypto.go:76.14,78.3 1 0
mpquic/internal/mpquic/crypto/crypto.go:79.2,79.18 1 0
mpquic/internal/mpquic/crypto/debug_assert_release.go:8.47,8.48 0 1
mpquic/internal/mpquic/crypto/errors.go:21.36,23.2 1 0
mpquic/internal/mpquic/crypto/external_loader.go:18.85,21.30 2 7
mpquic/internal/mpquic/crypto/external_loader.go:21.30,23.3 1 1
mpquic/internal/mpquic/crypto/external_loader.go:26.2,26.36 1 6
mpquic/internal/mpquic/crypto/external_loader.go:26.36,28.3 1 1
mpquic/internal/mpquic/crypto/external_loader.go:31.2,32.16 2 5
mpquic/internal/mpquic/crypto/external_loader.go:32.16,34.3 1 4
mpquic/internal/mpquic/crypto/external_loader.go:37.2,38.16 2 1
mpquic/internal/mpquic/crypto/external_loader.go:38.16,40.3 1 1
mpquic/internal/mpquic/crypto/external_loader.go:43.2,44.9 2 0
mpquic/internal/mpquic/crypto/external_loader.go:44.9,46.3 1 0
mpquic/internal/mpquic/crypto/external_loader.go:53.2,57.12 3 0
mpquic/internal/mpquic/crypto/external_loader.go:57.12,59.16 2 0
mpquic/internal/mpquic/crypto/external_loader.go:59.16,60.32 1 0
mpquic/internal/mpquic/crypto/external_loader.go:60.32,62.5 1 0
mpquic/internal/mpquic/crypto/external_loader.go:63.4,63.17 1 0
mpquic/internal/mpquic/crypto/external_loader.go:65.3,65.41 1 0
mpquic/internal/mpquic/crypto/external_loader.go:68.2,68.9 1 0
mpquic/internal/mpquic/crypto/external_loader.go:69.23,70.21 1 0
mpquic/internal/mpquic/crypto/external_loader.go:70.21,72.4 1 0
mpquic/internal/mpquic/crypto/external_loader.go:73.38,74.80 1 0
mpquic/internal/mpquic/crypto/external_loader.go:77.2,77.23 1 0
mpquic/internal/mpquic/crypto/kex_classical.go:18.54,18.88 1 6
mpquic/internal/mpquic/crypto/kex_classical.go:20.44,20.71 1 1
mpquic/internal/mpquic/crypto/kex_classical.go:22.90,24.16 2 9
mpquic/internal/mpquic/crypto/kex_classical.go:24.16,26.3 1 0
mpquic/internal/mpquic/crypto/kex_classical.go:28.2,31.71 4 9
mpquic/internal/mpquic/crypto/kex_classical.go:31.71,33.3 1 0
mpquic/internal/mpquic/crypto/kex_classical.go:35.2,39.35 5 9
mpquic/internal/mpquic/crypto/kex_classical.go:42.128,43.25 1 6
mpquic/internal/mpquic/crypto/kex_classical.go:43.25,45.3 1 1
mpquic/internal/mpquic/crypto/kex_classical.go:46.2,46.78 1 5
mpquic/internal/mpquic/crypto/kex_classical.go:46.78,48.3 1 1
mpquic/internal/mpquic/crypto/kex_classical.go:50.2,51.16 2 4
mpquic/internal/mpquic/crypto/kex_classical.go:51.16,53.3 1 0
mpquic/internal/mpquic/crypto/kex_classical.go:54.2,55.16 2 4
mpquic/internal/mpquic/crypto/kex_classical.go:55.16,57.3 1 0
mpquic/internal/mpquic/crypto/kex_classical.go:59.2,60.16 2 4
mpquic/internal/mpquic/crypto/kex_classical.go:60.16,62.3 1 0
mpquic/internal/mpquic/crypto/kex_classical.go:63.2,64.40 2 4
mpquic/internal/mpquic/crypto/kex_classical.go:64.40,66.3 1 0
mpquic/internal/mpquic/crypto/kex_classical.go:68.2,69.16 2 4
mpquic/internal/mpquic/crypto/kex_classical.go:69.16,71.3 1 0
mpquic/internal/mpquic/crypto/kex_classical.go:72.2,73.23 2 4
mpquic/internal/mpquic/crypto/kex_classical.go:73.23,75.3 1 0
mpquic/internal/mpquic/crypto/kex_classical.go:77.2,86.18 10 4
mpquic/internal/mpquic/crypto/kex_factory.go:5.81,6.17 1 4
mpquic/internal/mpquic/crypto/kex_factory.go:7.26,8.40 1 1
mpquic/internal/mpquic/crypto/kex_factory.go:9.29,10.37 1 1
mpquic/internal/mpquic/crypto/kex_factory.go:11.29,14.123 1 1
mpquic/internal/mpquic/crypto/kex_factory.go:15.10,16.63 1 1
mpquic/internal/mpquic/crypto/kex_hybrid.go:28.48,28.79 1 7
mpquic/internal/mpquic/crypto/kex_hybrid.go:30.41,30.65 1 1
mpquic/internal/mpquic/crypto/kex_hybrid.go:32.87,35.16 2 4
mpquic/internal/mpquic/crypto/kex_hybrid.go:35.16,37.3 1 0
mpquic/internal/mpquic/crypto/kex_hybrid.go:38.2,41.73 4 4
mpquic/internal/mpquic/crypto/kex_hybrid.go:41.73,43.3 1 0
mpquic/internal/mpquic/crypto/kex_hybrid.go:46.2,47.16 2 4
mpquic/internal/mpquic/crypto/kex_hybrid.go:47.16,49.3 1 0
mpquic/internal/mpquic/crypto/kex_hybrid.go:50.2,53.71 4 4
mpquic/internal/mpquic/crypto/kex_hybrid.go:53.71,55.3 1 0
mpquic/internal/mpquic/crypto/kex_hybrid.go:57.2,63.35 7 4
mpquic/internal/mpquic/crypto/kex_hybrid.go:67.113,68.43 1 4
mpquic/internal/mpquic/crypto/kex_hybrid.go:68.43,70.3 1 1
mpquic/internal/mpquic/crypto/kex_hybrid.go:73.2,74.16 2 3
mpquic/internal/mpquic/crypto/kex_hybrid.go:74.16,76.3 1 0
mpquic/internal/mpquic/crypto/kex_hybrid.go:77.2,80.73 4 3
mpquic/internal/mpquic/crypto/kex_hybrid.go:80.73,82.3 1 0
mpquic/internal/mpquic/crypto/kex_hybrid.go:85.2,87.16 3 3
mpquic/internal/mpquic/crypto/kex_hybrid.go:87.16,89.3 1 0
mpquic/internal/mpquic/crypto/kex_hybrid.go:90.2,92.86 3 3
mpquic/internal/mpquic/crypto/kex_hybrid.go:92.86,94.3 1 0
mpquic/internal/mpquic/crypto/kex_hybrid.go:97.2,106.40 7 3
mpquic/internal/mpquic/crypto/kex_hybrid.go:109.125,110.25 1 5
mpquic/internal/mpquic/crypto/kex_hybrid.go:110.25,112.3 1 2
mpquic/internal/mpquic/crypto/kex_hybrid.go:113.2,113.27 1 3
mpquic/internal/mpquic/crypto/kex_hybrid.go:114.25,115.83 1 1
mpquic/internal/mpquic/crypto/kex_hybrid.go:116.28,117.83 1 1
mpquic/internal/mpquic/crypto/kex_hybrid.go:118.10,120.82 1 1
mpquic/internal/mpquic/crypto/kex_hybrid.go:127.109,128.46 1 1
mpquic/internal/mpquic/crypto/kex_hybrid.go:128.46,130.3 1 0
mpquic/internal/mpquic/crypto/kex_hybrid.go:132.2,139.16 6 1
mpquic/internal/mpquic/crypto/kex_hybrid.go:139.16,141.3 1 0
mpquic/internal/mpquic/crypto/kex_hybrid.go:142.2,143.16 2 1
mpquic/internal/mpquic/crypto/kex_hybrid.go:143.16,145.3 1 0
mpquic/internal/mpquic/crypto/kex_hybrid.go:147.2,148.16 2 1
mpquic/internal/mpquic/crypto/kex_hybrid.go:148.16,150.3 1 0
mpquic/internal/mpquic/crypto/kex_hybrid.go:151.2,152.35 2 1
mpquic/internal/mpquic/crypto/kex_hybrid.go:152.35,154.3 1 0
mpquic/internal/mpquic/crypto/kex_hybrid.go:156.2,157.16 2 1
mpquic/internal/mpquic/crypto/kex_hybrid.go:157.16,159.3 1 0
mpquic/internal/mpquic/crypto/kex_hybrid.go:160.2,161.16 2 1
mpquic/internal/mpquic/crypto/kex_hybrid.go:161.16,163.3 1 0
mpquic/internal/mpquic/crypto/kex_hybrid.go:164.2,165.44 2 1
mpquic/internal/mpquic/crypto/kex_hybrid.go:165.44,167.3 1 0
mpquic/internal/mpquic/crypto/kex_hybrid.go:169.2,175.16 6 1
mpquic/internal/mpquic/crypto/kex_hybrid.go:175.16,177.3 1 0
mpquic/internal/mpquic/crypto/kex_hybrid.go:178.2,179.23 2 1
mpquic/internal/mpquic/crypto/kex_hybrid.go:179.23,181.3 1 0
mpquic/internal/mpquic/crypto/kex_hybrid.go:183.2,192.18 10 1
mpquic/internal/mpquic/crypto/kex_hybrid.go:198.109,199.40 1 1
mpquic/internal/mpquic/crypto/kex_hybrid.go:199.40,201.3 1 0
mpquic/internal/mpquic/crypto/kex_hybrid.go:203.2,207.16 4 1
mpquic/internal/mpquic/crypto/kex_hybrid.go:207.16,209.3 1 0
mpquic/internal/mpquic/crypto/kex_hybrid.go:210.2,211.16 2 1
mpquic/internal/mpquic/crypto/kex_hybrid.go:211.16,213.3 1 0
mpquic/internal/mpquic/crypto/kex_hybrid.go:215.2,216.16 2 1
mpquic/internal/mpquic/crypto/kex_hybrid.go:216.16,218.3 1 0
mpquic/internal/mpquic/crypto/kex_hybrid.go:219.2,220.35 2 1
mpquic/internal/mpquic/crypto/kex_hybrid.go:220.35,222.3 1 0
mpquic/internal/mpquic/crypto/kex_hybrid.go:224.2,230.16 6 1
mpquic/internal/mpquic/crypto/kex_hybrid.go:230.16,232.3 1 0
mpquic/internal/mpquic/crypto/kex_hybrid.go:233.2,234.23 2 1
mpquic/internal/mpquic/crypto/kex_hybrid.go:234.23,236.3 1 0
mpquic/internal/mpquic/crypto/kex_hybrid.go:238.2,247.18 10 1
mpquic/internal/mpquic/crypto/metrics.go:6.52,11.2 2 0
mpquic/internal/mpquic/crypto/nonce.go:57.80,58.19 1 6
mpquic/internal/mpquic/crypto/nonce.go:58.19,60.3 1 0
mpquic/internal/mpquic/crypto/nonce.go:61.2,65.38 2 6
mpquic/internal/mpquic/crypto/nonce.go:65.38,67.3 1 22
mpquic/internal/mpquic/crypto/nonce.go:68.2,68.15 1 6
mpquic/internal/mpquic/crypto/nonce.go:79.77,80.28 1 102813
mpquic/internal/mpquic/crypto/nonce.go:80.28,82.3 1 2
mpquic/internal/mpquic/crypto/nonce.go:85.2,85.24 1 102811
mpquic/internal/mpquic/crypto/nonce.go:85.24,87.3 1 0
mpquic/internal/mpquic/crypto/nonce.go:89.2,93.19 3 102811
mpquic/internal/mpquic/crypto/nonce.go:93.19,97.3 2 0
mpquic/internal/mpquic/crypto/nonce.go:98.2,108.19 6 102811
mpquic/internal/mpquic/crypto/nonce.go:126.69,127.6 1 5
mpquic/internal/mpquic/crypto/nonce.go:127.6,130.27 3 5
mpquic/internal/mpquic/crypto/nonce.go:130.27,133.4 1 2
mpquic/internal/mpquic/crypto/nonce.go:134.3,134.52 1 3
mpquic/internal/mpquic/crypto/nonce.go:134.52,138.4 1 3
mpquic/internal/mpquic/crypto/nonce.go:143.50,143.63 1 0
mpquic/internal/mpquic/crypto/types.go:14.40,16.2 1 1
